// Jest Snapshot v1, https://goo.gl/fbAQLP

exports[`WebViewQuill.view.test.tsx should render 1`] = `
<View
  collapsable={true}
  pointerEvents="box-none"
  style={
    Object {
      "flex": 1,
    }
  }
/>
`;
